20:24:33 **** Incremental Build of configuration Debug for project stepper_motor_test ****
make -j20 all 
arm-none-eabi-gcc "../Core/Src/main.c" -mcpu=cortex-m4 -std=gnu11 -g3 -DDEBUG -DUSE_HAL_DRIVER -DSTM32F446xx -c -I../Core/Inc -I../Drivers/STM32F4xx_HAL_Driver/Inc -I../Drivers/STM32F4xx_HAL_Driver/Inc/Legacy -I../Drivers/CMSIS/Device/ST/STM32F4xx/Include -I../Drivers/CMSIS/Include -O0 -ffunction-sections -fdata-sections -Wall -fstack-usage -fcyclomatic-complexity -MMD -MP -MF"Core/Src/main.d" -MT"Core/Src/main.o" --specs=nano.specs -mfpu=fpv4-sp-d16 -mfloat-abi=hard -mthumb -o "Core/Src/main.o"
arm-none-eabi-gcc -o "stepper_motor_test.elf" @"objects.list"   -mcpu=cortex-m4 -T"C:\Dev\Projects\STM32\stepper_motor_test\STM32F446RETX_FLASH.ld" --specs=nosys.specs -Wl,-Map="stepper_motor_test.map" -Wl,--gc-sections -static --specs=nano.specs -mfpu=fpv4-sp-d16 -mfloat-abi=hard -mthumb -Wl,--start-group -lc -lm -Wl,--end-group
Finished building target: stepper_motor_test.elf
 
arm-none-eabi-size  stepper_motor_test.elf 
arm-none-eabi-objdump -h -S stepper_motor_test.elf  > "stepper_motor_test.list"
   text	   data	    bss	    dec	    hex	filename
  14864	    204	   4116	  19184	   4af0	stepper_motor_test.elf
Finished building: default.size.stdout
 
Finished building: stepper_motor_test.list
 

20:24:34 Build Finished. 0 errors, 0 warnings. (took 1s.318ms)

